Flow report for mts_processor_syn
Mon May 11 10:57:32 2026
Quartus Prime Version 18.1.0 Build 625 09/12/2018 SJ Standard Edition


---------------------
; Table of Contents ;
---------------------
  1. Legal Notice
  2. Flow Summary
  3. Flow Settings
  4. Flow Non-Default Global Settings
  5. Flow Elapsed Time
  6. Flow OS Summary
  7. Flow Log
  8. Flow Messages
  9. Flow Suppressed Messages



----------------
; Legal Notice ;
----------------
Copyright (C) 2018  Intel Corporation. All rights reserved.
Your use of Intel Corporation's design tools, logic functions
and other software and tools, and its AMPP partner logic
functions, and any output files from any of the foregoing
(including device programming or simulation files), and any
associated documentation or information are expressly subject
to the terms and conditions of the Intel Program License
Subscription Agreement, the Intel Quartus Prime License Agreement,
the Intel FPGA IP License Agreement, or other applicable license
agreement, including, without limitation, that your use is for
the sole purpose of programming logic devices manufactured by
Intel and sold by Intel or its authorized distributors.  Please
refer to the applicable agreement for further details.



+-----------------------------------------------------------------------------------+
; Flow Summary                                                                      ;
+---------------------------------+-------------------------------------------------+
; Flow Status                     ; Successful - Mon May 11 10:56:15 2026           ;
; Quartus Prime Version           ; 18.1.0 Build 625 09/12/2018 SJ Standard Edition ;
; Revision Name                   ; mts_processor_syn                               ;
; Top-level Entity Name           ; mts_processor_syn_top                           ;
; Family                          ; Arria V                                         ;
; Device                          ; 5AGXBA7D4F31C5                                  ;
; Timing Models                   ; Final                                           ;
; Logic utilization (in ALMs)     ; 1,156 / 91,680 ( 1 % )                          ;
; Total registers                 ; 1960                                            ;
; Total pins                      ; 33 / 426 ( 8 % )                                ;
; Total virtual pins              ; 0                                               ;
; Total block memory bits         ; 491,670 / 13,987,840 ( 4 % )                    ;
; Total DSP Blocks                ; 0 / 800 ( 0 % )                                 ;
; Total HSSI RX PCSs              ; 0 / 9 ( 0 % )                                   ;
; Total HSSI PMA RX Deserializers ; 0 / 9 ( 0 % )                                   ;
; Total HSSI TX PCSs              ; 0 / 9 ( 0 % )                                   ;
; Total HSSI PMA TX Serializers   ; 0 / 9 ( 0 % )                                   ;
; Total PLLs                      ; 0 / 21 ( 0 % )                                  ;
; Total DLLs                      ; 0 / 4 ( 0 % )                                   ;
+---------------------------------+-------------------------------------------------+


+-----------------------------------------+
; Flow Settings                           ;
+-------------------+---------------------+
; Option            ; Setting             ;
+-------------------+---------------------+
; Start date & time ; 05/11/2026 10:54:09 ;
; Main task         ; Compilation         ;
; Revision Name     ; mts_processor_syn   ;
+-------------------+---------------------+


+-------------------------------------------------------------------------------------------------------------------------+
; Flow Non-Default Global Settings                                                                                        ;
+-----------------------------------------+--------------------------------+-------------------+-------------+------------+
; Assignment Name                         ; Value                          ; Default Value     ; Entity Name ; Section Id ;
+-----------------------------------------+--------------------------------+-------------------+-------------+------------+
; COMPILER_SIGNATURE_ID                   ; 77948381771741.177848964923932 ; --                ; --          ; --         ;
; FITTER_EFFORT                           ; Standard Fit                   ; Auto Fit          ; --          ; --         ;
; NUM_PARALLEL_PROCESSORS                 ; 4                              ; --                ; --          ; --         ;
; PHYSICAL_SYNTHESIS_COMBO_LOGIC          ; On                             ; Off               ; --          ; --         ;
; PHYSICAL_SYNTHESIS_REGISTER_DUPLICATION ; On                             ; Off               ; --          ; --         ;
; PHYSICAL_SYNTHESIS_REGISTER_RETIMING    ; On                             ; Off               ; --          ; --         ;
; PROJECT_OUTPUT_DIRECTORY                ; output_files                   ; --                ; --          ; --         ;
; ROUTER_TIMING_OPTIMIZATION_LEVEL        ; MAXIMUM                        ; Normal            ; --          ; --         ;
; TOP_LEVEL_ENTITY                        ; mts_processor_syn_top          ; mts_processor_syn ; --          ; --         ;
; VHDL_INPUT_VERSION                      ; VHDL_2008                      ; VHDL_1993         ; --          ; --         ;
+-----------------------------------------+--------------------------------+-------------------+-------------+------------+


+--------------------------------------------------------------------------------------------------------------------------+
; Flow Elapsed Time                                                                                                        ;
+----------------------+--------------+-------------------------+---------------------+------------------------------------+
; Module Name          ; Elapsed Time ; Average Processors Used ; Peak Virtual Memory ; Total CPU Time (on all processors) ;
+----------------------+--------------+-------------------------+---------------------+------------------------------------+
; Analysis & Synthesis ; 00:00:28     ; 1.0                     ; 1256 MB             ; 00:00:44                           ;
; Fitter               ; 00:01:23     ; 1.1                     ; 3044 MB             ; 00:02:38                           ;
; Assembler            ; 00:00:12     ; 1.0                     ; 1001 MB             ; 00:00:11                           ;
; Timing Analyzer      ; 00:00:07     ; 1.4                     ; 1410 MB             ; 00:00:08                           ;
; Timing Analyzer      ; 00:00:02     ; 1.1                     ; 1152 MB             ; 00:00:02                           ;
; Timing Analyzer      ; 00:00:02     ; 1.1                     ; 1150 MB             ; 00:00:02                           ;
; Total                ; 00:02:14     ; --                      ; --                  ; 00:03:45                           ;
+----------------------+--------------+-------------------------+---------------------+------------------------------------+


+---------------------------------------------------------------------------------+
; Flow OS Summary                                                                 ;
+----------------------+------------------+---------+------------+----------------+
; Module Name          ; Machine Hostname ; OS Name ; OS Version ; Processor type ;
+----------------------+------------------+---------+------------+----------------+
; Analysis & Synthesis ; teferi.ethz.ch   ; \S -    ; \S -       ; x86_64         ;
; Fitter               ; teferi.ethz.ch   ; \S -    ; \S -       ; x86_64         ;
; Assembler            ; teferi.ethz.ch   ; \S -    ; \S -       ; x86_64         ;
; Timing Analyzer      ; teferi.ethz.ch   ; \S -    ; \S -       ; x86_64         ;
; Timing Analyzer      ; teferi.ethz.ch   ; \S -    ; \S -       ; x86_64         ;
; Timing Analyzer      ; teferi.ethz.ch   ; \S -    ; \S -       ; x86_64         ;
+----------------------+------------------+---------+------------+----------------+


------------
; Flow Log ;
------------
quartus_map --read_settings_files=on --write_settings_files=off mts_processor_syn -c mts_processor_syn
quartus_fit --read_settings_files=off --write_settings_files=off mts_processor_syn -c mts_processor_syn
quartus_asm --read_settings_files=off --write_settings_files=off mts_processor_syn -c mts_processor_syn
quartus_sta mts_processor_syn -c mts_processor_syn
quartus_sta mts_processor_syn -c mts_processor_syn --do_report_timing --model=slow --temperature=85 --voltage=1100
quartus_sta mts_processor_syn -c mts_processor_syn --do_report_timing --model=fast --temperature=85 --voltage=1100
